// Jest Snapshot v1, https://goo.gl/fbAQLP

exports[`requestUserList emits error when no active genfors was found 1`] = `Array []`;

exports[`requestUserList emits error when retrieving users fails 1`] = `
Array [
  Array [
    "action",
    Object {
      "data": Object {
        "id": 0,
        "message": "Klarte ikke hente brukerliste",
      },
      "type": "ERROR",
    },
  ],
]
`;

exports[`requestUserList emits user list action on success 1`] = `
Array [
  Array [
    "action",
    Object {
      "data": Array [
        Object {
          "_id": "1",
          "canVote": true,
          "completedRegistration": true,
          "genfors": "1",
          "logged_in": true,
          "name": "Namy",
          "onlinewebId": "123",
          "permissions": 5,
        },
        Object {
          "_id": "2",
          "canVote": true,
          "completedRegistration": true,
          "genfors": "1",
          "logged_in": true,
          "name": "Namy",
          "onlinewebId": "123",
          "permissions": 5,
        },
      ],
      "type": "USER_LIST",
    },
  ],
]
`;
